// Jest Snapshot v1, https://goo.gl/fbAQLP

exports[`Page renders correctly 1`] = `
<Fragment>
  <Navbar />
  <Component
    theme={
      Object {
        "back_color": "#095E6D",
        "button_darker": "#0092A6",
        "detail_color": "#59858C",
        "font_color": "#FFFFFF",
        "header_color": "#05333B",
        "input_error": "rgba(255, 0, 0, 0.8)",
        "lightblue": "#00B4CC",
        "sidebar_color": "#007382",
        "white": "#FFFFFF",
      }
    }
  >
    <styled.div>
      <Sidebar />
      <styled.div />
    </styled.div>
  </Component>
</Fragment>
`;
